main.c:145:6:display7SEG	16	static
main.c:155:6:clearAllDigits	8	static
main.c:162:6:update7SEG	16	static
main.c:187:6:updateClockBuffer	16	static
main.c:197:6:test	16	static
main.c:208:6:clearAllLEDsMatrix	16	static
main.c:217:6:displayLEDRowCol	24	static
main.c:231:6:updateLEDMatrix	16	static
main.c:236:6:loadCharToBuffer	32	static
main.c:262:5:main	8	static
main.c:361:6:SystemClock_Config	72	static
main.c:397:13:MX_TIM2_Init	32	static
main.c:442:13:MX_GPIO_Init	32	static
main.c:491:6:HAL_TIM_PeriodElapsedCallback	16	static
main.c:532:6:Error_Handler	4	static,ignoring_inline_asm
